// Jest Snapshot v1, https://goo.gl/fbAQLP

exports[`MatchingScreen matches snapshot 1`] = `
<SafeAreaView
  className="flex-1 bg-white dark:bg-[#221610]"
>
  <View
    className="flex-row items-center justify-between px-6 pt-4 pb-2"
  >
    <View
      accessibilityState={
        {
          "busy": undefined,
          "checked": undefined,
          "disabled": undefined,
          "expanded": undefined,
          "selected": undefined,
        }
      }
      accessibilityValue={
        {
          "max": undefined,
          "min": undefined,
          "now": undefined,
          "text": undefined,
        }
      }
      accessible={true}
      collapsable={false}
      focusable={true}
      onClick={[Function]}
      onResponderGrant={[Function]}
      onResponderMove={[Function]}
      onResponderRelease={[Function]}
      onResponderTerminate={[Function]}
      onResponderTerminationRequest={[Function]}
      onStartShouldSetResponder={[Function]}
      style={
        {
          "opacity": 1,
        }
      }
    >
      <Text
        allowFontScaling={false}
        selectable={false}
        style={
          [
            {
              "color": "#152249",
              "fontSize": 24,
            },
            undefined,
            {
              "fontFamily": "material",
              "fontStyle": "normal",
              "fontWeight": "normal",
            },
            {},
          ]
        }
      >
        
      </Text>
    </View>
    <Text
      className="text-xl font-bold text-[#152249] dark:text-white"
    >
      Đi ké với!
    </Text>
    <View
      className="w-10"
    />
  </View>
  <View
    className="flex-1 items-center justify-center px-8"
  >
    <View
      className="relative w-64 h-64 mb-12 items-center justify-center"
    >
      <View
        className="absolute inset-0 rounded-full border-2 border-[#152249]/10 bg-[#152249]/5"
        collapsable={false}
        style={
          {
            "opacity": 0.8,
            "transform": [
              {
                "scale": 0.5,
              },
            ],
          }
        }
      />
      <View
        className="absolute inset-8 rounded-full border-2 border-[#152249]/20 bg-[#152249]/10"
        collapsable={false}
        style={
          {
            "opacity": 0.6,
            "transform": [
              {
                "scale": 0.6,
              },
            ],
          }
        }
      />
      <View
        className="relative z-10 w-24 h-24 rounded-full border-4 border-white shadow-xl shadow-[#152249]/30 bg-[#152249] items-center justify-center overflow-hidden"
      />
      <View
        className="absolute top-4 left-10 w-3 h-3 bg-[#152249] rounded-full"
        collapsable={false}
        style={
          {
            "opacity": 0.3,
            "transform": [
              {
                "translateY": 0,
              },
              {
                "scale": 0.8,
              },
            ],
          }
        }
      />
      <View
        className="absolute bottom-12 right-6 w-4 h-4 bg-[#152249] rounded-full"
        collapsable={false}
        style={
          {
            "opacity": 0.8,
            "transform": [
              {
                "translateY": -5,
              },
            ],
          }
        }
      />
      <View
        className="absolute top-20 right-4 w-2 h-2 bg-[#152249] rounded-full"
        collapsable={false}
        style={
          {
            "opacity": 0.4,
            "transform": [
              {
                "translateX": 0,
              },
              {
                "translateY": 0,
              },
            ],
          }
        }
      />
    </View>
    <Text
      className="text-2xl font-bold text-[#152249] dark:text-white text-center mb-4 leading-tight"
    >
      Đang tìm kiếm bạn đồng hành phù hợp...
    </Text>
    <View
      className="flex-row items-center justify-center gap-2 px-4 py-2 bg-[#F9F871]/20 border border-[#F9F871]/60 rounded-full mb-12"
    >
      <Text
        allowFontScaling={false}
        selectable={false}
        style={
          [
            {
              "color": "#152249",
              "fontSize": 18,
            },
            undefined,
            {
              "fontFamily": "material",
              "fontStyle": "normal",
              "fontWeight": "normal",
            },
            {},
          ]
        }
      >
        
      </Text>
      <Text
        className="text-sm font-semibold text-[#152249]"
      >
        Ưu tiên cùng giới tính cho bạn
      </Text>
    </View>
    <View
      className="w-full max-w-[240px] h-1.5 bg-slate-200 rounded-full overflow-hidden"
    >
      <View
        className="h-full bg-gradient-to-r from-[#152249] to-[#F9F871] rounded-full"
        collapsable={false}
        style={
          {
            "backgroundColor": "#152249",
            "width": "0%",
          }
        }
      />
    </View>
    <Text
      className="mt-3 text-xs font-bold text-slate-400 tracking-widest uppercase"
    >
      Matching 65%
    </Text>
    <View
      accessibilityState={
        {
          "busy": undefined,
          "checked": undefined,
          "disabled": undefined,
          "expanded": undefined,
          "selected": undefined,
        }
      }
      accessibilityValue={
        {
          "max": undefined,
          "min": undefined,
          "now": undefined,
          "text": undefined,
        }
      }
      accessible={true}
      collapsable={false}
      focusable={true}
      onClick={[Function]}
      onResponderGrant={[Function]}
      onResponderMove={[Function]}
      onResponderRelease={[Function]}
      onResponderTerminate={[Function]}
      onResponderTerminationRequest={[Function]}
      onStartShouldSetResponder={[Function]}
      style={
        {
          "opacity": 1,
        }
      }
    >
      <Text
        className="text-slate-500 font-medium text-sm"
      >
        Hủy tìm kiếm
      </Text>
    </View>
  </View>
</SafeAreaView>
`;
